// Start blocks until the operation completes or ctx is cancelled.
func (x *Machine) Start(ctx context.Context) error {
_ch := make(chan error, 1)
_block := objc.NewBlock(func(_ objc.Block, _p0 objc.ID) {
var _err error
_err = errkit.FromObjC(purego.NSErrorToError(_p0))
_ch <- _err
})
objc.Send[objc.ID](objref.IDOf(x), objc.RegisterName("startWithCompletionHandler:"), _block)
select {
case err := <-_ch:
return err
case <-ctx.Done():
return ctx.Err()
}
}

