// Validate returns an error if the operation did not succeed.
func (x *Machine) Validate() error {
var _nsErr uintptr
objc.Send[bool](objref.IDOf(x), objc.RegisterName("validateWithError:"), unsafe.Pointer(&_nsErr))
if _nsErr != 0 {
return errkit.FromObjC(purego.NSErrorToError(objc.ID(_nsErr)))
}
return nil
}

